Mon Aug 17 14:50:36 2020:timed out
Mon Aug 17 14:50:41 2020:timed out
Mon Aug 17 14:50:46 2020:timed out
Mon Aug 17 14:51:56 2020:timed out
Mon Aug 17 14:51:59 2020:timed out
